{elseedge(b_1,c_1), elseedge(c_2,leaf2), elseedge(c_1,leaf1_2), elseedge(c_1_1,leaf2_2), elseedge(a,b_1), elseedge(b,c), elseedge(c,leaf1), conditionaledge(b_1,c_1_1,b,"<",x), conditionaledge(c_2,leaf1_1_1,c,"<",x), conditionaledge(c_1,leaf2_1,c,"<",x), conditionaledge(c_1_1,leaf2_1_1,c,"<",x), conditionaledge(a,b,a,"<",x), conditionaledge(b,c_2,b,"<",x), conditionaledge(c,leaf1_1,c,"<",x), leafnode(leaf2_2,class2), leafnode(leaf1_2,class1), leafnode(leaf1_1_1,class1), leafnode(leaf2_1_1,class2), leafnode(leaf1_1,class1), leafnode(leaf2_1,class2), leafnode(leaf2,class2), leafnode(leaf1,class1), innernode(b_1), innernode(c_2), innernode(c_1), innernode(c_1_1), innernode(a), innernode(b), innernode(c), root(c)}
