{elseedge(v3,leaf2_1), elseedge(v2,leaf2), elseedge(v1,leaf2_2), elseedge(root,v2), conditionaledge(v3,leaf1_1,zz,"<",w), conditionaledge(v2,leaf1,z,"<",w), conditionaledge(v1,leaf1_2,z,"<",w), conditionaledge(root,v3,xx,"<",y), conditionaledge(root,v1,x,"<",y), leafnode(leaf1_2,class1), leafnode(leaf1_1,class1), leafnode(leaf2_2,class2), leafnode(leaf2_1,class2), leafnode(leaf2,class2), leafnode(leaf1,class1), innernode(v3), innernode(v2), innernode(v1), innernode(root), root(root)}
