{elseedge("check n","check t"), elseedge("check t",stage1), elseedge("check m","check n"), conditionaledge("check n",stage3,n,">",0), conditionaledge("check t",stage2,t,">=",3), conditionaledge("check m",stage4,m,"=",1), leafnode(stage4,stage2), leafnode(stage3,stage2), leafnode(stage2,stage2), leafnode(stage1,stage1), innernode("check n"), innernode("check t"), innernode("check m"), root("check m")}
